23:33:29 **** Incremental Build of configuration Debug for project LAB4 ****
make -j12 all 
arm-none-eabi-gcc "../Core/Src/uart_communication_fsm.c" -mcpu=cortex-m3 -std=gnu11 -g3 -DDEBUG -DUSE_HAL_DRIVER -DSTM32F103x6 -c -I../Core/Inc -I../Drivers/STM32F1xx_HAL_Driver/Inc -I../Drivers/STM32F1xx_HAL_Driver/Inc/Legacy -I../Drivers/CMSIS/Device/ST/STM32F1xx/Include -I../Drivers/CMSIS/Include -O0 -ffunction-sections -fdata-sections -Wall -fstack-usage -MMD -MP -MF"Core/Src/uart_communication_fsm.d" -MT"Core/Src/uart_communication_fsm.o" --specs=nano.specs -mfloat-abi=soft -mthumb -o "Core/Src/uart_communication_fsm.o"
../Core/Src/uart_communication_fsm.c: In function 'uart_communication_fsm':
../Core/Src/uart_communication_fsm.c:27:67: warning: format '%d' expects argument of type 'int', but argument 3 has type 'uint32_t' {aka 'long unsigned int'} [-Wformat=]
   27 |    HAL_UART_Transmit(&huart2, (void *) str, sprintf(str, "!ADC=%.4d#", ADC_value), 1000);
      |                                                                ~~~^    ~~~~~~~~~
      |                                                                   |    |
      |                                                                   int  uint32_t {aka long unsigned int}
      |                                                                %.4ld
arm-none-eabi-gcc -o "LAB4.elf" @"objects.list"   -mcpu=cortex-m3 -T"D:\Microcontroller\LAB4\SOURCE_CODE\LAB4\STM32F103C6UX_FLASH.ld" --specs=nosys.specs -Wl,-Map="LAB4.map" -Wl,--gc-sections -static --specs=nano.specs -mfloat-abi=soft -mthumb -Wl,--start-group -lc -lm -Wl,--end-group
Finished building target: LAB4.elf
 
arm-none-eabi-size   LAB4.elf 
arm-none-eabi-objdump -h -S  LAB4.elf  > "LAB4.list"
arm-none-eabi-objcopy  -O ihex  LAB4.elf  "LAB4.hex"
arm-none-eabi-objcopy  -O binary  LAB4.elf  "LAB4.bin"
   text	   data	    bss	    dec	    hex	filename
  15608	    120	   1912	  17640	   44e8	LAB4.elf
Finished building: default.size.stdout
 
Finished building: LAB4.hex
Finished building: LAB4.bin
 
 
Finished building: LAB4.list
 

23:33:30 Build Finished. 0 errors, 1 warnings. (took 1s.106ms)

